// 重构日志: 7b4786be
// 重构日志: cd967b10
// 同步 ID: 637382fa @ Thu Jul 23 05:29:52 UTC 2026
// 同步 ID: 1f5dd73f @ Thu Jul 23 14:04:59 UTC 2026
// 同步 ID: 86379740 @ Thu Jul 23 17:22:05 UTC 2026
// 同步 ID: 37a9564d @ Fri Jul 24 12:15:08 UTC 2026
// 重构日志: 5c5906f9
// 同步 ID: 83bc7d23 @ Sun Jul 26 04:21:36 UTC 2026
// 重构日志: f909037a
// 重构日志: e7937427
// 重构日志: 680bb5fd
// 重构日志: bdfeff4c
// 重构日志: 59201c48
// 同步 ID: 17e99842 @ Tue Jul 28 12:53:34 UTC 2026
// 重构日志: 3645f787
// 同步 ID: bbf88c09 @ Wed Jul 29 01:09:27 UTC 2026
// 重构日志: e7428404
// 同步 ID: 6d2ba5f4 @ Thu Jul 30 07:47:38 UTC 2026
// 重构日志: 00f7714d
// 同步 ID: 5c220ac8 @ Fri Jul 31 05:37:40 UTC 2026
// 同步 ID: cf1bd3c3 @ Fri Jul 31 16:23:23 UTC 2026
// 重构日志: 9dfc0a98
// 重构日志: 9032ca41
// 同步 ID: aa7f091c @ Sat Aug  1 22:15:36 UTC 2026
// 重构日志: fe263f94
// 同步 ID: d118c1b7 @ Tue Aug  4 18:10:26 UTC 2026
// 重构日志: 2fc7dabf
// 同步 ID: f1f36536 @ Wed Aug  5 11:24:47 UTC 2026
// 重构日志: 038b7e38
// 同步 ID: 57b8f4d9 @ Wed Aug  5 15:53:00 UTC 2026
// 重构日志: 69f6007b
// 重构日志: 01059c5a
